DB00006 approved; investigational
DB00014 approved
DB00035 approved
DB00050 approved; investigational
DB00080 approved; investigational
DB00091 approved; investigational; vet_approved
DB00093 approved
DB00104 approved; investigational
DB00115 approved; nutraceutical
DB00116 approved; nutraceutical
DB00117 approved; nutraceutical
DB00118 approved; nutraceutical
DB00119 approved; investigational; nutraceutical
DB00120 approved; nutraceutical
DB00121 approved; nutraceutical
DB00122 approved; nutraceutical
DB00123 approved; nutraceutical
DB00125 approved; nutraceutical
DB00126 approved; nutraceutical
DB00127 approved; nutraceutical
DB00128 approved; nutraceutical
DB00129 approved; nutraceutical
DB00130 approved; investigational; nutraceutical
DB00131 approved; nutraceutical
DB00132 approved; nutraceutical
DB00133 approved; nutraceutical
DB00134 approved; nutraceutical
DB00135 approved; nutraceutical
DB00136 approved; nutraceutical
DB00138 approved; nutraceutical
DB00139 approved; nutraceutical
DB00140 approved; nutraceutical; vet_approved
DB00141 approved; nutraceutical
DB00142 approved; nutraceutical
DB00143 approved; nutraceutical
DB00144 approved; nutraceutical
DB00145 approved; nutraceutical; vet_approved
DB00146 approved; nutraceutical
DB00147 approved; nutraceutical
DB00149 approved; nutraceutical
DB00150 approved; nutraceutical; withdrawn
DB00151 approved; nutraceutical
DB00152 approved; nutraceutical; vet_approved
DB00153 approved; nutraceutical
DB00154 approved; nutraceutical
DB00155 approved; nutraceutical
DB00156 approved; nutraceutical
DB00158 approved; nutraceutical; vet_approved
DB00159 approved; nutraceutical
DB00160 approved; nutraceutical
DB00161 approved; nutraceutical
DB00162 approved; nutraceutical; vet_approved
DB00163 approved; nutraceutical; vet_approved
DB00165 approved; nutraceutical; vet_approved
DB00166 approved; nutraceutical
DB00167 approved; nutraceutical
DB00168 approved; nutraceutical
DB00169 approved; nutraceutical
DB00170 approved; nutraceutical
DB00172 approved; nutraceutical
DB00173 approved; nutraceutical
DB00174 approved; nutraceutical
DB00175 approved
DB00176 approved; investigational
DB00177 approved; investigational
DB00178 approved
DB00179 approved
DB00180 approved; investigational
DB00181 approved
DB00182 approved; illicit
DB00183 approved
DB00184 approved
DB00185 approved
DB00186 approved
DB00187 approved
DB00188 approved; investigational
DB00189 approved; illicit; withdrawn
DB00190 approved
DB00191 approved; illicit
DB00192 approved
DB00193 approved; investigational
DB00194 approved
DB00195 approved
DB00196 approved
DB00198 approved
DB00199 approved; vet_approved
DB00200 approved
DB00201 approved
DB00202 approved
DB00203 approved; investigational
DB00204 approved
DB00205 approved; vet_approved
DB00206 approved
DB00207 approved
DB00208 approved
DB00209 approved
DB00210 approved
DB00211 approved
DB00212 approved
DB00213 approved
DB00214 approved
DB00215 approved
DB00216 approved; investigational
DB00217 approved
DB00218 approved; investigational
DB00219 approved
DB00220 approved
DB00221 approved
DB00222 approved
DB00223 approved
DB00224 approved
DB00225 approved
DB00226 approved
DB00227 approved; investigational
DB00228 approved; vet_approved
DB00229 approved
DB00230 approved; illicit; investigational
DB00231 approved
DB00232 approved
DB00233 approved
DB00234 approved; investigational
DB00235 approved
DB00236 approved
DB00237 approved; illicit
DB00238 approved
DB00239 approved
DB00240 approved
DB00241 approved; illicit
DB00242 approved; investigational
DB00243 approved; investigational
DB00244 approved
DB00245 approved
DB00246 approved
DB00247 approved
DB00248 approved
DB00249 approved
DB00250 approved; investigational
DB00251 approved
DB00252 approved; vet_approved
DB00253 approved
DB00254 approved; investigational; vet_approved
DB00255 approved
DB00256 approved
DB00257 approved; vet_approved
DB00258 approved
DB00259 approved
DB00260 approved
DB00261 approved
DB00262 approved
DB00263 approved; vet_approved
DB00264 approved; investigational
DB00265 approved
DB00266 approved
DB00267 approved
DB00268 approved; investigational
DB00270 approved
DB00271 approved; vet_approved
DB00272 approved
DB00273 approved
DB00274 approved
DB00275 approved; investigational
DB00276 approved
DB00277 approved
DB00278 approved; investigational
DB00279 approved; vet_approved
DB00280 approved
DB00281 approved; vet_approved
DB00282 approved
DB00283 approved
DB00284 approved; investigational
DB00285 approved
DB00287 approved
DB00288 approved
DB00289 approved
DB00290 approved
DB00291 approved
DB00292 approved
DB00293 approved; investigational
DB00294 approved; investigational
DB00295 approved; investigational
DB00296 approved
DB00297 approved; investigational
DB00298 approved
DB00299 approved
DB00300 approved; investigational
DB00301 approved
DB00302 approved
DB00303 approved; investigational
DB00304 approved
DB00305 approved
DB00306 approved; illicit
DB00307 approved; investigational
DB00308 approved
DB00309 approved
DB00310 approved
DB00312 approved; vet_approved
DB00313 approved; investigational
DB00314 approved
DB00315 approved; investigational
DB00316 approved
DB00317 approved; investigational
DB00318 approved; illicit
DB00319 approved
DB00320 approved
DB00321 approved
DB00322 approved
DB00323 approved; withdrawn
DB00324 approved
DB00325 approved
DB00326 approved
DB00327 approved; illicit
DB00328 approved; investigational
DB00330 approved
DB00331 approved
DB00332 approved
DB00333 approved
DB00334 approved; investigational
DB00335 approved
DB00336 approved; vet_approved
DB00337 approved; investigational
DB00338 approved; investigational; vet_approved
DB00339 approved
DB00340 approved
DB00341 approved
DB00343 approved
DB00344 approved
DB00345 approved
DB00346 approved; investigational
DB00347 approved
DB00348 approved; investigational
DB00349 approved; illicit
DB00350 approved
DB00351 approved; vet_approved
DB00352 approved
DB00353 approved
DB00354 approved
DB00355 approved
DB00356 approved
DB00357 approved
DB00358 approved
DB00359 approved; vet_approved
DB00360 approved; investigational
DB00361 approved; investigational
DB00362 approved; investigational
DB00363 approved
DB00364 approved
DB00366 approved; vet_approved
DB00367 approved; investigational
DB00368 approved
DB00369 approved
DB00370 approved
DB00371 approved; illicit
DB00373 approved
DB00374 approved; investigational
DB00375 approved
DB00376 approved
DB00377 approved; investigational
DB00378 approved; withdrawn
DB00379 approved
DB00380 approved; withdrawn
DB00381 approved
DB00383 approved
DB00384 approved
DB00385 approved
DB00387 approved
DB00388 approved
DB00389 approved
DB00390 approved
DB00391 approved
DB00392 approved
DB00393 approved
DB00394 approved; investigational
DB00395 approved
DB00396 approved; vet_approved
DB00397 approved; vet_approved; withdrawn
DB00398 approved; investigational
DB00399 approved
DB00400 approved; vet_approved
DB00401 approved
DB00402 approved
DB00403 approved
DB00404 approved; illicit; investigational
DB00405 approved
DB00406 approved
DB00408 approved
DB00409 approved; withdrawn
DB00410 approved; investigational; vet_approved
DB00411 approved
DB00412 approved; investigational
DB00413 approved; investigational
DB00415 approved; vet_approved
DB00417 approved; vet_approved
DB00418 approved; vet_approved
DB00419 approved
DB00420 approved; vet_approved
DB00421 approved
DB00422 approved; investigational
DB00423 approved; vet_approved
DB00424 approved
DB00425 approved
DB00426 approved
DB00427 approved
DB00428 approved
DB00429 approved
DB00430 approved
DB00431 approved; withdrawn
DB00432 approved
DB00433 approved; vet_approved
DB00434 approved
DB00435 approved
DB00436 approved
DB00437 approved
DB00438 approved
DB00440 approved; vet_approved
DB00441 approved
DB00442 approved; investigational
DB00443 approved; vet_approved
DB00444 approved
DB00445 approved
DB00446 approved; vet_approved
DB00448 approved; investigational
DB00449 approved
DB00450 approved; vet_approved
DB00451 approved
DB00452 approved
DB00453 approved
DB00454 approved
DB00455 approved
DB00456 approved; vet_approved
DB00457 approved
DB00458 approved
DB00459 approved
DB00460 approved; investigational
DB00461 approved
DB00462 approved
DB00464 approved
DB00465 approved
DB00467 approved
DB00468 approved
DB00469 approved
DB00470 approved; illicit
DB00471 approved
DB00472 approved; vet_approved
DB00473 approved; withdrawn
DB00474 approved
DB00475 approved; illicit
DB00476 approved
DB00477 approved; vet_approved
DB00478 approved
DB00479 approved; vet_approved
DB00480 approved
DB00481 approved; investigational
DB00482 approved; investigational
DB00483 approved
DB00484 approved
DB00485 approved; vet_approved
DB00486 approved; investigational
DB00487 approved
DB00488 approved
DB00489 approved
DB00490 approved; investigational
DB00491 approved
DB00492 approved
DB00493 approved
DB00494 approved; investigational
DB00495 approved
DB00496 approved; investigational
DB00497 approved; illicit; investigational
DB00498 approved
DB00499 approved
DB00500 approved
DB00501 approved
DB00502 approved
DB00503 approved; investigational
DB00504 approved
DB00507 approved; investigational; vet_approved
DB00508 approved; vet_approved
DB00509 approved
DB00511 approved
DB00512 approved
DB00513 approved; investigational
DB00514 approved
DB00515 approved
DB00517 approved
DB00518 approved; vet_approved
DB00519 approved
DB00520 approved
DB00521 approved
DB00523 approved; investigational
DB00524 approved
DB00525 approved; vet_approved
DB00526 approved; investigational
DB00527 approved; vet_approved
DB00528 approved; investigational
DB00529 approved
DB00530 approved; investigational
DB00531 approved; investigational
DB00534 approved; withdrawn
DB00535 approved
DB00536 approved
DB00537 approved; investigational
DB00538 approved; investigational
DB00539 approved; investigational
DB00540 approved
DB00541 approved; investigational
DB00542 approved; investigational
DB00543 approved
DB00544 approved
DB00545 approved
DB00546 approved
DB00547 approved
DB00548 approved
DB00549 approved; investigational
DB00550 approved
DB00551 approved
DB00552 approved; investigational
DB00553 approved
DB00554 approved; investigational
DB00555 approved; investigational
DB00556 approved
DB00557 approved
DB00558 approved; investigational
DB00559 approved; investigational
DB00560 approved
DB00561 approved; vet_approved
DB00562 approved
DB00563 approved
DB00564 approved; investigational
DB00565 approved
DB00566 approved
DB00567 approved; vet_approved
DB00568 approved
DB00569 approved; investigational
DB00570 approved
DB00571 approved; investigational
DB00572 approved; vet_approved
DB00573 approved
DB00575 approved
DB00576 approved; vet_approved
DB00577 approved; investigational
DB00578 approved
DB00579 approved
DB00581 approved
DB00582 approved; investigational
DB00583 approved
DB00584 approved; vet_approved
DB00585 approved
DB00586 approved; vet_approved
DB00587 approved
DB00588 approved
DB00589 approved
DB00590 approved
DB00591 approved; investigational; vet_approved
DB00592 approved; vet_approved
DB00593 approved
DB00594 approved
DB00595 approved; vet_approved
DB00596 approved
DB00597 approved
DB00598 approved
DB00599 approved; vet_approved
DB00600 approved
DB00601 approved; investigational
DB00602 approved; vet_approved
DB00603 approved; investigational
DB00604 approved; investigational; withdrawn
DB00605 approved
DB00606 approved
DB00607 approved
DB00608 approved; vet_approved
DB00609 approved
DB00610 approved; investigational
DB00611 approved; illicit; vet_approved
DB00612 approved
DB00613 approved
DB00614 approved; vet_approved
DB00615 approved
DB00617 approved
DB00618 approved
DB00619 approved
DB00620 approved; vet_approved
DB00621 approved; investigational
DB00622 approved
DB00623 approved
DB00624 approved; investigational
DB00625 approved; investigational
DB00626 approved; vet_approved
DB00627 approved; investigational; nutraceutical
DB00628 approved; illicit
DB00629 approved
DB00630 approved
DB00631 approved; investigational
DB00632 approved; investigational
DB00633 approved; vet_approved
DB00634 approved
DB00635 approved; vet_approved
DB00636 approved
DB00637 approved; withdrawn
DB00638 approved; nutraceutical
DB00639 approved
DB00640 approved; investigational
DB00641 approved
DB00642 approved; investigational
DB00643 approved; vet_approved
DB00644 approved; vet_approved
DB00645 approved
DB00646 approved; vet_approved
DB00647 approved; illicit; withdrawn
DB00648 approved
DB00649 approved; investigational
DB00650 approved
DB00651 approved
DB00652 approved; vet_approved
DB00653 approved; vet_approved
DB00654 approved; investigational
DB00655 approved
DB00656 approved; investigational
DB00657 approved
DB00658 approved
DB00659 approved; investigational
DB00660 approved
DB00661 approved
DB00662 approved
DB00663 approved; vet_approved
DB00664 approved; withdrawn
DB00665 approved
DB00666 approved
DB00668 approved; vet_approved
DB00669 approved; investigational
DB00670 approved
DB00671 approved
DB00672 approved
DB00673 approved; investigational
DB00674 approved
DB00675 approved
DB00676 approved
DB00677 approved; withdrawn
DB00678 approved
DB00680 approved; withdrawn
DB00681 approved; investigational
DB00682 approved
DB00683 approved; illicit
DB00684 approved; investigational
DB00685 approved; withdrawn
DB00686 approved
DB00687 approved
DB00688 approved; investigational
DB00689 approved
DB00690 approved; illicit
DB00691 approved
DB00692 approved
DB00693 approved
DB00694 approved
DB00695 approved; vet_approved
DB00696 approved
DB00697 approved
DB00698 approved; vet_approved
DB00699 approved
DB00700 approved
DB00701 approved
DB00703 approved
DB00704 approved; investigational; vet_approved
DB00705 approved
DB00706 approved; investigational
DB00708 approved; investigational
DB00709 approved; investigational
DB00710 approved; investigational
DB00711 approved; vet_approved
DB00712 approved; investigational
DB00713 approved
DB00714 approved; investigational
DB00715 approved; investigational
DB00716 approved
DB00717 approved
DB00718 approved; investigational
DB00719 approved
DB00720 approved; investigational; vet_approved
DB00721 approved; investigational; vet_approved
DB00722 approved; investigational
DB00723 approved
DB00724 approved; investigational
DB00725 approved
DB00726 approved
DB00727 approved; investigational
DB00728 approved
DB00729 approved; vet_approved; withdrawn
DB00730 approved; vet_approved
DB00731 approved; investigational
DB00732 approved
DB00733 approved; vet_approved
DB00734 approved; investigational
DB00735 approved
DB00736 approved; investigational
DB00737 approved
DB00738 approved
DB00739 approved; vet_approved; withdrawn
DB00740 approved; investigational
DB00741 approved; vet_approved
DB00742 approved; investigational
DB00743 approved
DB00744 approved; investigational; withdrawn
DB00745 approved; investigational
DB00746 approved; investigational
DB00747 approved
DB00748 approved
DB00749 approved; investigational; vet_approved
DB00750 approved
DB00751 approved; investigational
DB00752 approved
DB00753 approved; vet_approved
DB00754 approved
DB00755 approved; investigational; nutraceutical
DB00756 approved; withdrawn
DB00757 approved
DB00758 approved; nutraceutical
DB00759 approved; vet_approved
DB00760 approved; investigational
DB00761 approved; withdrawn
DB00762 approved; investigational
DB00763 approved
DB00764 approved; vet_approved
DB00765 approved
DB00766 approved; vet_approved
DB00768 approved
DB00769 approved
DB00770 approved; investigational
DB00771 approved
DB00772 approved; investigational
DB00773 approved
DB00774 approved
DB00775 approved
DB00776 approved
DB00777 approved
DB00778 approved; withdrawn
DB00779 approved
DB00780 approved
DB00781 approved; vet_approved
DB00782 approved
DB00783 approved; investigational; vet_approved
DB00784 approved
DB00786 approved; investigational
DB00787 approved
DB00788 approved; vet_approved
DB00789 approved
DB00790 approved
DB00791 approved
DB00792 approved; vet_approved
DB00793 approved; withdrawn
DB00794 approved; vet_approved
DB00795 approved
DB00796 approved
DB00797 approved; vet_approved
DB00798 approved; vet_approved
DB00799 approved; investigational
DB00800 approved
DB00801 approved; illicit; withdrawn
DB00802 approved; illicit
DB00803 approved
DB00804 approved
DB00805 approved
DB00806 approved; investigational
DB00807 approved; vet_approved
DB00808 approved
DB00809 approved
DB00810 approved
DB00811 approved
DB00812 approved; vet_approved
DB00813 approved; illicit; investigational; vet_approved
DB00814 approved; vet_approved
DB00815 approved
DB00816 approved
DB00817 approved
DB00818 approved; investigational; vet_approved
DB00819 approved; vet_approved
DB00820 approved; investigational
DB00821 approved; vet_approved; withdrawn
DB00822 approved
DB00823 approved
DB00824 approved
DB00825 approved
DB00826 approved
DB00827 approved; withdrawn
DB00828 approved
DB00829 approved; illicit; vet_approved
DB00830 approved; illicit
DB00831 approved
DB00832 approved
DB00833 approved
DB00834 approved; investigational
DB00835 approved
DB00836 approved
DB00837 approved; investigational
DB00838 approved
DB00839 approved
DB00841 approved
DB00842 approved
DB00843 approved
DB00844 approved
DB00845 approved; investigational
DB00846 approved
DB00847 approved; investigational
DB00848 vet_approved; withdrawn
DB00849 approved
DB00850 approved
DB00851 approved; investigational
DB00852 approved
DB00853 approved; investigational
DB00854 approved
DB00855 approved
DB00856 approved; vet_approved; withdrawn
DB00857 approved; investigational; vet_approved
DB00858 approved; illicit
DB00859 approved
DB00860 approved; vet_approved
DB00861 approved
DB00862 approved
DB00863 approved
DB00864 approved; investigational
DB00865 approved; illicit
DB00866 approved; withdrawn
DB00867 approved
DB00868 approved
DB00869 approved
DB00870 approved; withdrawn
DB00871 approved
DB00872 approved; investigational
DB00873 approved
DB00874 approved; vet_approved
DB00875 approved; withdrawn
DB00876 approved
DB00877 approved; investigational
DB00878 approved; vet_approved
DB00879 approved; investigational
DB00880 approved; vet_approved
DB00881 approved; investigational
DB00882 approved; investigational
DB00883 approved
DB00884 approved; investigational
DB00885 approved
DB00887 approved
DB00888 approved
DB00889 approved; investigational
DB00890 approved
DB00891 approved
DB00892 approved
DB00894 approved
DB00895 approved
DB00896 approved
DB00897 approved
DB00898 approved
DB00899 approved
DB00900 approved
DB00902 approved
DB00903 approved
DB00904 approved
DB00905 approved; investigational
DB00906 approved
DB00907 approved; illicit
DB00908 approved
DB00909 approved; investigational
DB00910 approved; investigational
DB00911 approved; investigational
DB00912 approved; investigational
DB00913 approved; illicit
DB00914 approved; withdrawn
DB00915 approved
DB00916 approved
DB00917 approved
DB00918 approved; investigational
DB00919 approved; vet_approved
DB00920 approved
DB00921 approved; illicit; investigational; vet_approved
DB00922 approved; investigational
DB00923 approved
DB00924 approved
DB00925 approved
DB00927 approved
DB00928 approved; investigational
DB00929 approved
DB00931 approved
DB00932 approved; investigational
DB00933 approved
DB00934 approved
DB00935 approved
DB00936 approved; vet_approved
DB00937 approved; illicit
DB00938 approved
DB00939 approved; vet_approved
DB00940 approved
DB00941 approved
DB00942 approved
DB00943 approved
DB00944 approved
DB00945 approved; vet_approved
DB00946 approved
DB00947 approved; investigational
DB00948 approved
DB00949 approved
DB00950 approved
DB00951 approved
DB00952 approved; investigational
DB00953 approved
DB00954 approved
DB00955 approved
DB00956 approved; illicit
DB00957 approved
DB00958 approved
DB00959 approved; vet_approved
DB00960 approved
DB00961 approved; vet_approved
DB00962 approved; illicit; investigational
DB00963 approved
DB00964 approved
DB00966 approved; investigational
DB00967 approved; investigational
DB00968 approved
DB00969 approved; withdrawn
DB00970 approved
DB00971 approved
DB00972 approved
DB00973 approved
DB00974 approved; vet_approved
DB00975 approved
DB00976 approved
DB00977 approved
DB00978 approved
DB00979 approved
DB00980 approved; investigational
DB00981 approved
DB00982 approved
DB00983 approved; investigational
DB00984 approved; illicit
DB00985 approved
DB00986 approved; investigational; vet_approved
DB00987 approved; investigational
DB00988 approved
DB00989 approved; investigational
DB00990 approved; investigational
DB00991 approved
DB00992 approved
DB00993 approved
DB00995 approved
DB00996 approved; investigational
DB00997 approved; investigational
DB00998 approved; investigational
DB00999 approved; vet_approved
DB01000 approved
DB01001 approved; vet_approved
DB01002 approved
DB01003 approved
DB01004 approved; investigational
DB01005 approved
DB01006 approved; investigational
DB01007 approved
DB01008 approved; investigational
DB01009 approved; vet_approved
DB01010 approved
DB01011 approved
DB01012 approved
DB01013 approved
DB01014 approved; investigational
DB01015 approved
DB01016 approved
DB01017 approved; investigational
DB01018 approved; investigational
DB01019 approved
DB01020 approved
DB01021 approved; vet_approved
DB01022 approved
DB01023 approved; investigational
DB01024 approved
DB01025 approved; investigational
DB01026 approved; investigational
DB01028 approved; vet_approved
DB01029 approved; investigational
DB01030 approved; investigational
DB01031 approved; illicit; withdrawn
DB01032 approved
DB01033 approved
DB01034 approved
DB01035 approved
DB01036 approved; investigational
DB01037 approved; investigational; vet_approved
DB01039 approved
DB01040 approved
DB01041 approved; investigational; withdrawn
DB01042 approved
DB01043 approved; investigational
DB01044 approved; investigational
DB01045 approved
DB01046 approved; investigational
DB01047 approved; investigational
DB01048 approved; investigational
DB01049 approved
DB01050 approved
DB01051 approved; vet_approved
DB01053 approved; vet_approved
DB01054 approved
DB01055 approved
DB01056 approved
DB01057 approved
DB01058 approved; vet_approved
DB01059 approved
DB01060 approved; vet_approved
DB01061 approved
DB01062 approved; investigational
DB01063 approved
DB01064 approved
DB01065 approved; nutraceutical; vet_approved
DB01066 approved
DB01067 approved
DB01068 approved; illicit
DB01069 approved
DB01070 approved
DB01071 approved
DB01072 approved; investigational
DB01073 approved
DB01074 approved
DB01075 approved
DB01076 approved
DB01077 approved
DB01078 approved
DB01080 approved
DB01081 approved; illicit
DB01082 approved; vet_approved
DB01083 approved; investigational
DB01084 approved
DB01085 approved
DB01086 approved
DB01087 approved
DB01088 approved; investigational
DB01089 approved
DB01090 approved
DB01091 approved
DB01092 approved
DB01093 approved; vet_approved
DB01094 approved
DB01095 approved
DB01096 approved
DB01097 approved; investigational
DB01098 approved
DB01099 approved
DB01100 approved
DB01101 approved; investigational
DB01102 approved
DB01103 approved
DB01104 approved
DB01105 approved; illicit; investigational; withdrawn
DB01106 approved
DB01107 approved; illicit; withdrawn
DB01108 approved; investigational; vet_approved; withdrawn
DB01110 approved; investigational; vet_approved
DB01111 approved; vet_approved
DB01112 approved
DB01113 approved
DB01114 approved
DB01115 approved
DB01116 approved
DB01117 approved
DB01118 approved; investigational
DB01119 approved
DB01120 approved
DB01121 approved
DB01122 approved
DB01123 approved
DB01124 approved
DB01125 approved
DB01126 approved; investigational
DB01127 approved
DB01128 approved
DB01129 approved; investigational
DB01130 approved
DB01131 approved
DB01132 approved; investigational
DB01133 approved; vet_approved
DB01134 experimental; vet_approved
DB01135 approved
DB01136 approved; investigational
DB01137 approved; investigational
DB01138 approved
DB01139 approved; vet_approved
DB01140 approved; vet_approved; withdrawn
DB01141 approved; investigational
DB01142 approved
DB01143 approved; investigational
DB01144 approved
DB01145 approved
DB01146 approved
DB01147 approved; vet_approved
DB01148 approved
DB01149 approved; withdrawn
DB01150 approved
DB01151 approved
DB01153 approved
DB01154 approved; vet_approved
DB01155 approved; investigational
DB01156 approved
DB01157 approved; investigational
DB01158 approved
DB01159 approved; vet_approved
DB01160 approved; vet_approved
DB01161 approved
DB01162 approved
DB01164 approved
DB01165 approved
DB01166 approved
DB01167 approved; investigational
DB01168 approved
DB01169 approved; investigational
DB01170 approved
DB01171 approved
DB01172 approved; vet_approved
DB01173 approved
DB01174 approved
DB01175 approved; investigational
DB01176 approved
DB01177 approved
DB01178 approved; withdrawn
DB01179 approved
DB01180 approved
DB01181 approved
DB01182 approved
DB01183 approved; vet_approved
DB01184 approved; investigational; vet_approved
DB01185 approved; illicit
DB01186 approved; vet_approved; withdrawn
DB01187 approved
DB01188 approved; investigational
DB01189 approved
DB01190 approved; vet_approved
DB01191 approved; illicit; withdrawn
DB01192 approved; investigational; vet_approved
DB01193 approved
DB01194 approved
DB01195 approved; withdrawn
DB01196 approved
DB01197 approved
DB01198 approved
DB01199 approved
DB01200 approved; investigational
DB01201 approved
DB01202 approved; investigational
DB01203 approved
DB01204 approved; investigational
DB01205 approved
DB01206 approved
DB01207 approved
DB01208 approved
DB01209 approved
DB01210 approved
DB01211 approved
DB01212 approved
DB01213 approved; vet_approved
DB01214 approved
DB01215 approved; illicit
DB01216 approved
DB01217 approved; investigational
DB01218 approved
DB01219 approved
DB01220 approved; investigational
DB01221 approved; vet_approved
DB01222 approved
DB01223 approved
DB01224 approved
DB01226 approved
DB01227 approved
DB01228 approved; withdrawn
DB01229 approved; vet_approved
DB01231 approved; withdrawn
DB01232 approved; investigational
DB01233 approved; investigational
DB01234 approved; investigational; vet_approved
DB01235 approved
DB01236 approved; vet_approved
DB01237 approved
DB01238 approved; investigational
DB01239 approved; withdrawn
DB01240 approved
DB01241 approved
DB01242 approved; vet_approved
DB01243 approved
DB01244 approved; withdrawn
DB01245 approved
DB01246 approved; vet_approved
DB01247 approved
DB01248 approved; investigational
DB01249 approved
DB01250 approved
DB01251 approved
DB01252 approved; investigational
DB01253 approved
DB01254 approved; investigational
DB01255 approved; investigational
DB01256 approved
DB01259 approved; investigational
DB01260 approved; investigational
DB01261 approved; investigational
DB01262 approved; investigational
DB01263 approved; investigational; vet_approved
DB01264 approved
DB01265 approved; investigational
DB01267 approved
DB01268 approved; investigational
DB01273 approved; investigational
DB01274 approved; investigational
DB01275 approved
DB01280 approved; investigational
DB01282 approved
DB01283 approved; investigational
DB01284 approved
DB01288 approved
DB01289 approved
DB01291 approved
DB01294 approved; vet_approved
DB01295 approved
DB01296 approved
DB01297 approved
DB01298 approved
DB01299 approved
DB01301 approved
DB01303 approved
DB01319 approved
DB01320 approved
DB01321 approved
DB01324 approved
DB01325 approved
DB01326 approved
DB01327 approved
DB01328 approved
DB01329 approved
DB01330 approved
DB01331 approved
DB01332 approved
DB01333 approved
DB01336 approved
DB01337 approved
DB01338 approved
DB01339 approved
DB01340 approved
DB01345 approved
DB01346 approved
DB01348 approved
DB01349 approved
DB01351 approved; illicit
DB01352 approved; illicit
DB01353 approved; illicit
DB01354 approved
DB01355 approved
DB01356 approved
DB01357 approved
DB01359 approved; investigational
DB01362 approved
DB01364 approved
DB01365 approved
DB01366 approved
DB01367 approved
DB01369 approved
DB01370 approved
DB01377 approved
DB01380 approved
DB01382 approved
DB01384 approved
DB01390 approved
DB01392 approved; vet_approved
DB01393 approved
DB01394 approved
DB01395 approved
DB01396 approved
DB01397 approved
DB01399 approved
DB01400 approved; vet_approved
DB01401 approved
DB01403 approved
DB01406 approved
DB01407 approved; vet_approved
DB01408 approved
DB01409 approved
DB01410 approved; investigational
DB01411 approved
DB01412 approved
DB01413 approved
DB01414 approved
DB01415 approved
DB01416 approved; vet_approved
DB01418 approved
DB01419 approved
DB01420 approved; vet_approved
DB01421 approved; investigational
DB01422 approved
DB01423 approved
DB01424 approved; withdrawn
DB01425 approved
DB01426 approved
DB01427 approved
DB01428 approved
DB01429 approved
DB01430 approved
DB01431 approved
DB01433 approved; illicit
DB01435 approved
DB01436 approved; nutraceutical
DB01437 approved; illicit
DB01438 approved
DB01440 approved; illicit
DB01452 approved; illicit
DB01463 approved; illicit; withdrawn
DB01466 approved; illicit
DB01482 approved
DB01489 approved; illicit
DB01497 illicit; vet_approved
DB01501 approved; illicit
DB01511 approved; illicit
DB01535 illicit; vet_approved
DB01541 illicit; vet_approved
DB01544 approved; illicit
DB01545 approved; illicit
DB01548 illicit; vet_approved
DB01550 approved; illicit; withdrawn
DB01551 approved; illicit
DB01553 approved; investigational
DB01558 approved; illicit
DB01559 approved; illicit
DB01563 approved; illicit; vet_approved
DB01567 approved; illicit
DB01574 approved; vet_approved
DB01575 approved
DB01576 approved; illicit
DB01577 approved; illicit
DB01578 approved
DB01579 approved; illicit
DB01580 approved
DB01581 approved; vet_approved
DB01582 approved; vet_approved
DB01583 approved
DB01586 approved; investigational
DB01587 approved
DB01588 approved; illicit
DB01589 approved; illicit
DB01590 approved
DB01591 approved
DB01592 approved
DB01593 approved
DB01594 approved
DB01595 approved
DB01597 approved
DB01598 approved
DB01599 approved
DB01600 approved
DB01601 approved
DB01602 approved
DB01603 approved
DB01604 approved
DB01605 approved
DB01606 approved
DB01607 approved; vet_approved
DB01608 approved
DB01609 approved; investigational
DB01610 approved; investigational
DB01611 approved
DB01612 approved
DB01613 approved
DB01614 approved; vet_approved
DB01615 approved
DB01616 approved
DB01618 approved
DB01619 approved
DB01620 approved
DB01621 approved
DB01622 approved
DB01623 approved
DB01624 approved; investigational
DB01625 approved; vet_approved
DB01626 approved
DB01627 approved; vet_approved
DB01628 approved; investigational
DB01638 approved
DB01656 approved
DB01685 approved
DB01708 approved; nutraceutical
DB01718 approved
DB01744 approved
DB01764 approved
DB01783 nutraceutical; vet_approved
DB01878 approved
DB01914 approved
DB01956 approved
DB02187 approved
DB02300 approved
DB02325 approved
DB02513 approved
DB02546 approved; investigational
DB02638 approved; investigational
DB02659 approved
DB02701 approved
DB02703 approved
DB02959 approved; nutraceutical
DB03006 experimental; vet_approved
DB03128 approved
DB03147 approved
DB03166 approved
DB03209 approved
DB03255 approved; experimental
DB03404 approved
DB03615 approved
DB03619 approved
DB03754 approved
DB03793 approved
DB03843 approved; vet_approved
DB03904 approved
DB04209 approved
DB04224 approved; vet_approved
DB04272 nutraceutical; vet_approved
DB04339 approved
DB04398 approved; vet_approved
DB04465 approved
DB04552 approved
DB04570 approved
DB04571 approved
DB04572 approved
DB04573 approved; vet_approved
DB04574 approved
DB04575 approved
DB04576 approved
DB04626 experimental; vet_approved
DB04711 approved
DB04743 approved; withdrawn
DB04786 approved
DB04794 approved
DB04815 vet_approved; withdrawn
DB04835 approved; investigational
DB04837 approved; withdrawn
DB04838 approved
DB04839 approved; investigational
DB04840 approved
DB04841 approved
DB04842 approved
DB04843 approved
DB04844 approved
DB04845 approved; investigational
DB04846 approved; investigational
DB04854 approved
DB04855 approved
DB04861 approved; investigational
DB04865 approved
DB04866 investigational; vet_approved
DB04868 approved; investigational
DB04871 approved
DB04876 approved; investigational
DB04877 approved; investigational
DB04878 approved; investigational
DB04880 approved; investigational
DB04890 approved
DB04894 approved; investigational
DB04896 approved
DB04898 approved; investigational; withdrawn
DB04908 approved
DB04910 investigational; vet_approved
DB04911 approved; investigational
DB04920 approved
DB04930 approved; investigational
DB04931 approved; investigational
DB04938 approved
DB04942 approved; investigational
DB04946 approved
DB04948 approved; investigational
DB04953 approved
DB04967 approved; investigational
DB05013 approved
DB05015 approved; investigational
DB05016 approved
DB05039 approved
DB05109 approved; investigational
DB05219 approved
DB05239 approved
DB05245 approved; vet_approved
DB05246 approved
DB05260 approved; investigational
DB05265 approved; investigational
DB05266 approved; investigational
DB05271 approved
DB05273 approved; investigational
DB05294 approved
DB05351 approved
DB05381 approved; investigational
DB05389 approved; investigational
DB05528 approved
DB05541 approved; investigational
DB05630 approved; investigational
DB05676 approved; investigational
DB05812 approved
DB05990 approved
DB06016 approved
DB06144 approved; withdrawn
DB06145 approved
DB06147 approved; vet_approved
DB06148 approved
DB06150 approved; vet_approved
DB06151 approved; investigational
DB06152 approved
DB06153 approved
DB06154 approved
DB06155 approved; investigational
DB06176 approved; investigational
DB06196 approved
DB06201 approved
DB06202 approved; investigational
DB06203 approved
DB06204 approved
DB06206 approved
DB06207 approved
DB06209 approved
DB06210 approved
DB06211 approved; investigational
DB06212 approved
DB06213 approved
DB06216 approved
DB06217 approved; investigational
DB06218 approved
DB06219 approved
DB06228 approved
DB06237 approved
DB06243 approved; withdrawn
DB06255 approved; investigational
DB06261 approved
DB06262 approved; investigational
DB06263 approved; investigational
DB06267 approved; investigational
DB06268 approved; investigational; withdrawn
DB06274 approved
DB06282 approved
DB06287 approved
DB06288 approved; investigational
DB06290 approved
DB06292 approved
DB06335 approved
DB06401 approved; investigational
DB06402 approved
DB06403 approved; investigational
DB06410 approved
DB06412 approved; illicit
DB06413 approved; investigational
DB06414 approved
DB06439 approved; investigational
DB06441 approved
DB06480 approved
DB06589 approved
DB06590 approved; investigational
DB06594 approved; investigational
DB06595 approved
DB06603 approved; investigational
DB06605 approved
DB06614 approved; investigational
DB06616 approved
DB06623 approved; investigational
DB06626 approved; investigational
DB06636 approved; investigational
DB06637 approved
DB06654 approved
DB06663 approved
DB06684 approved
DB06689 approved
DB06690 approved; vet_approved
DB06691 approved; vet_approved
DB06694 approved
DB06695 approved
DB06696 approved
DB06697 approved
DB06698 approved
DB06699 approved
DB06700 approved
DB06701 approved
DB06702 approved
DB06703 approved
DB06704 approved
DB06705 approved
DB06706 approved
DB06707 approved
DB06708 approved
DB06709 approved
DB06710 approved
DB06711 approved
DB06712 approved
DB06713 approved
DB06714 approved
DB06715 approved
DB06716 approved; illicit
DB06717 approved
DB06718 approved; vet_approved
DB06723 approved
DB06724 approved
DB06725 approved
DB06729 approved
DB06730 approved
DB06736 approved
DB06737 approved
DB06738 approved
DB06739 approved
DB06742 approved
DB06751 approved
DB06755 approved; nutraceutical
DB06756 approved; nutraceutical
DB06757 approved; nutraceutical
DB06764 approved
DB06766 approved
DB06767 approved; vet_approved
DB06768 approved
DB06769 approved; investigational
DB06770 approved
DB06771 approved
DB06772 approved
DB06774 approved
DB06775 approved
DB06777 approved
DB06778 approved
DB06781 approved
DB06782 approved
DB06783 approved
DB06784 approved
DB06785 approved
DB06786 approved; investigational; withdrawn
DB06787 approved
DB06788 approved
DB06789 approved
DB06791 approved
DB06792 approved
DB06793 approved
DB06794 approved
DB06795 approved; vet_approved
DB06799 approved; vet_approved
DB06800 approved
DB06802 approved
DB06803 approved; vet_approved
DB06804 approved; withdrawn
DB06805 approved
DB06806 approved
DB06809 approved
DB06810 approved; withdrawn
DB06811 approved
DB06813 approved
DB06815 approved
DB06816 approved
DB06817 approved
DB06819 approved; investigational
DB06820 approved
DB06823 approved; investigational
DB06824 approved
DB06825 approved; vet_approved
DB06826 approved
DB06827 approved
DB07615 approved; investigational
DB08439 approved
DB08604 approved
DB08792 approved
DB08795 approved
DB08796 approved
DB08797 approved
DB08798 approved
DB08799 approved
DB08800 approved
DB08801 approved
DB08802 approved
DB08803 approved
DB08804 approved; illicit
DB08806 approved
DB08807 approved
DB08808 approved
DB08810 approved
DB08811 approved
DB08814 approved
DB08815 approved
DB08816 approved
DB08818 approved; vet_approved
DB08819 approved
DB08820 approved
DB08822 approved
DB08823 approved; investigational; vet_approved
DB08824 approved
DB08826 approved
DB08827 approved
DB08828 approved
DB08834 approved; investigational
DB08835 approved
DB08842 approved; investigational
DB08847 approved; experimental
DB08860 approved
DB08864 approved
DB08865 approved
DB08867 approved
DB08868 approved; investigational
DB08869 approved; investigational
DB08871 approved; investigational
DB08872 approved
DB08874 approved
DB08875 approved
DB08877 approved
DB08880 approved
DB08881 approved
DB08882 approved
DB08883 approved
DB08884 approved
DB08887 approved; nutraceutical
DB08889 approved
DB08890 approved
DB08893 approved
DB08895 approved; investigational
DB08896 approved
DB08897 approved
DB08899 approved
DB08901 approved
DB08903 approved
DB08905 approved; investigational; withdrawn
DB08906 approved
DB08907 approved
DB08908 approved; investigational
DB08909 approved
DB08910 approved
DB08911 approved
DB08912 approved
DB08913 approved; investigational
DB08916 approved
DB08918 approved
DB08922 approved
DB08924 approved
DB08928 approved
DB08930 approved
DB08931 approved
DB08932 approved
DB08933 approved
DB08934 approved
DB08936 approved
DB08941 approved; withdrawn
DB08943 approved
DB08944 approved; withdrawn
DB08946 approved; withdrawn
DB08947 approved
DB08954 approved; withdrawn
DB08957 approved; withdrawn
DB08958 approved
DB08964 approved; withdrawn
DB08965 approved; withdrawn
DB08966 approved
DB08967 approved
DB08968 approved; withdrawn
DB08970 approved; withdrawn
DB08971 approved; withdrawn
DB08973 approved; withdrawn
DB08974 approved; withdrawn
DB08976 approved; withdrawn
DB08979 approved
DB08981 approved
DB08982 approved
DB08983 approved
DB08984 approved
DB08987 approved
DB08990 approved; withdrawn
DB08991 approved
DB08992 approved; investigational
DB08993 approved
DB08994 approved; withdrawn
DB08995 approved
DB08996 approved; withdrawn
DB08998 approved
DB09000 approved
DB09002 approved; investigational
DB09003 approved
DB09006 approved
DB09008 approved; withdrawn
DB09009 approved
DB09012 approved; investigational; withdrawn
DB09014 approved; investigational
DB09015 approved; withdrawn
DB09016 approved
DB09017 approved; withdrawn
DB09018 approved
DB09019 approved
DB09020 approved
DB09021 approved
DB09026 approved; investigational
DB09027 approved
DB09028 approved; investigational
DB09030 approved
DB09031 approved
DB09034 approved
DB09038 approved
DB09039 approved
DB09040 approved
DB09041 approved
DB09042 approved
DB09047 approved
DB09048 approved
DB09049 approved
DB09050 approved
DB09053 approved
DB09054 approved
DB09055 approved
DB09060 approved
DB09061 approved; investigational
DB09063 approved
DB09065 approved
DB09067 approved
DB09068 approved
DB09069 approved
DB09070 approved
DB09071 approved
DB09072 approved
DB09073 approved
DB09074 approved
DB09075 approved
DB09076 approved
DB09078 approved
DB09079 approved
DB09080 approved
DB09081 approved; investigational
DB09082 approved
DB09083 approved
DB09084 approved
DB09085 approved; vet_approved
DB09086 approved
DB09087 approved
DB09089 approved
DB09090 approved
DB09091 approved
DB09092 approved
DB09093 approved; vet_approved
DB09094 approved
DB09095 approved
DB09096 approved
DB09097 approved
DB09099 approved
DB09101 approved
DB09102 approved
DB09104 approved
DB09110 approved
DB09112 approved
DB09114 approved
DB09115 approved
DB09116 approved
DB09117 approved
DB09118 approved
DB09119 approved
DB09120 approved
DB09123 approved
DB09124 approved
DB09125 approved; vet_approved
DB09128 approved
DB09129 approved
DB09130 approved
DB09131 approved
DB09132 approved
DB09133 approved
DB09134 approved
DB09135 approved
DB09136 approved
DB09137 approved
DB09138 approved
DB09139 approved
DB09140 approved; vet_approved
DB09142 approved
DB09143 approved; investigational
DB09144 approved
DB09145 approved
DB09146 approved
DB09147 approved
DB09148 approved
DB09149 approved
DB09151 approved
DB09152 approved; vet_approved
DB09153 approved; vet_approved
DB09154 approved
DB09155 approved; vet_approved
DB09156 approved
DB09157 approved; vet_approved
DB09158 approved
DB09160 approved
DB09161 approved
DB09162 approved
DB09164 approved
DB09165 approved
DB09166 approved
DB09167 approved
DB09183 approved
DB09185 approved; withdrawn
DB09194 approved
DB09195 approved
DB09197 approved
DB09198 approved
DB09204 approved
DB09205 approved
DB09209 approved; illicit
DB09210 approved
DB09211 approved
DB09212 approved
DB09213 approved
DB09214 approved
DB09215 approved
DB09216 approved
DB09217 experimental; vet_approved
DB09218 approved
DB09219 approved
DB09220 approved
DB09221 approved
DB09223 approved
DB09224 approved
DB09225 approved
DB09227 approved
DB09229 approved
DB09230 approved
DB09231 approved
DB09232 approved
DB09235 approved
DB09236 approved
DB09237 approved
DB09238 approved
DB09242 approved
DB09244 approved
DB09245 approved
DB09256 approved
DB09257 approved
DB09262 approved
DB09265 approved
DB09267 approved
DB09268 approved
DB09269 approved
DB09272 approved
DB09273 approved
DB09274 approved
DB09275 approved
DB09276 approved
DB09277 approved
DB09278 approved
DB09279 approved
DB09280 approved
DB09281 approved
DB09282 approved
DB09283 approved
DB09284 approved
DB09285 approved
DB09286 approved
DB09288 approved
DB09289 approved
DB09290 approved
DB09291 approved
DB09292 approved
DB09293 approved
DB09295 approved
DB09296 approved
DB09297 approved
DB09299 approved
DB09300 approved; vet_approved
DB09304 approved
DB09313 approved
DB09314 approved
DB09315 approved
DB09316 approved
DB09320 approved; vet_approved
DB09321 approved
DB09322 approved
DB09323 approved; vet_approved
DB09324 approved
DB09325 approved
DB09326 approved
DB09327 approved
DB09330 approved
DB09332 approved
DB09333 approved
DB09338 approved
DB09340 approved
DB09342 approved
DB09343 approved
DB09345 approved
DB09346 approved
DB09347 approved
DB09348 approved
DB09350 approved; vet_approved
DB09351 approved
DB09352 approved
DB09353 approved
DB09357 approved
DB09374 approved
DB09376 approved
DB09389 approved
DB09394 approved
DB09395 approved
DB09396 approved
DB09397 approved
DB09398 approved
DB09407 approved
DB09409 approved
DB09413 approved; vet_approved
DB09414 approved
DB09418 approved
DB09419 approved
DB09420 approved
DB09421 approved
DB09425 approved
DB09449 approved
DB09459 approved
DB09460 approved
DB09462 approved; investigational
DB09472 approved; vet_approved
DB09473 approved
DB09477 approved
DB09479 approved
DB09481 approved
DB09488 approved
DB09490 approved
DB09494 approved
DB09495 approved
DB09496 approved
DB09498 approved
DB09499 approved
DB09502 approved
DB09509 approved
DB09510 approved
DB09513 approved
DB09516 approved
DB09517 approved
DB09526 approved
DB09532 approved
DB09534 approved
DB09536 approved
DB09543 approved; vet_approved
DB09546 approved
DB09552 approved
DB09555 approved
DB09561 approved
DB09563 approved
DB09570 approved
DB09571 approved
DB11071 approved
DB11072 approved
DB11073 approved
DB11079 approved
DB11080 approved
DB11081 approved
DB11085 approved
DB11090 approved
DB11091 approved; vet_approved
DB11092 approved
DB11093 approved
DB11098 approved
DB11102 approved
DB11104 approved
DB11106 approved
DB11107 approved
DB11109 approved
DB11110 approved
DB11115 approved
DB11119 approved
DB11121 approved
DB11123 approved
DB11125 approved
DB11126 approved; vet_approved
DB11127 approved
DB11128 approved
DB11129 approved
DB11132 approved
DB11134 approved
DB11135 approved; vet_approved
DB11136 approved
DB11137 approved
DB11140 approved
DB11142 approved
DB11145 approved; vet_approved
DB11148 approved
DB11150 approved
DB11151 approved
DB11153 approved
DB11154 approved
DB11155 approved
DB11156 approved; vet_approved
DB11157 approved
DB11159 approved
DB11160 approved
DB11164 approved
DB11168 approved
DB11171 approved
DB11175 approved
DB11176 approved
DB11180 approved
DB11183 approved
DB11184 approved
DB11185 approved
DB11186 approved
DB11189 approved
DB11190 approved
DB11203 approved
DB11210 approved
DB11217 approved
DB11219 approved
DB11228 approved
DB11231 approved
DB11235 approved
DB11239 approved
DB11244 approved
DB11246 approved
DB11248 approved; vet_approved
DB11254 approved
DB11255 approved
DB11256 approved
DB11257 approved
DB11259 approved
DB11260 approved
DB11263 approved
DB11268 approved
DB11272 approved
DB11279 approved; vet_approved
DB11299 approved
DB11304 approved
DB11315 approved
DB11323 approved
DB11326 approved
DB11336 approved
DB11340 approved
DB11342 approved
DB11343 approved
DB11348 approved
DB11359 approved
DB11362 approved
DB11363 approved
DB11364 approved
DB11371 vet_approved
DB11386 vet_approved
DB11421 vet_approved
DB11460 vet_approved
DB11491 vet_approved; withdrawn
DB11558 vet_approved
DB11560 approved
DB11570 approved
DB11573 approved
DB11574 approved
DB11575 approved
DB11577 approved
DB11581 approved
DB11582 approved
DB11583 approved
DB11586 approved; investigational
DB11588 approved
DB11589 approved
DB11590 approved
DB11591 approved
DB11596 approved
DB11602 approved
DB11609 approved; illicit
DB11610 approved
DB11611 approved
DB11613 approved
DB11614 approved
DB11619 approved
DB11644 approved; investigational
DB11691 approved
DB11699 approved; investigational
DB11730 approved
DB11737 approved; investigational
DB11793 approved; investigational
DB11828 approved; investigational
DB11915 approved; investigational
DB11921 approved
DB11943 approved; investigational
DB11989 approved
DB11994 approved; investigational
DB12001 approved
DB12026 approved
DB12095 approved
DB12161 approved; investigational
DB12243 approved
DB12332 approved; investigational
DB12483 approved
DB12598 approved; investigational
DB12834 approved
DB13025 approved; investigational
DB13092 approved
DB13139 approved
DB13142 approved
DB13145 approved
DB13146 approved
DB13154 approved
DB13155 approved
DB13156 approved
DB13158 approved
DB13164 approved
DB13165 approved
DB13167 approved; withdrawn
DB13170 approved
DB13179 approved
DB13180 approved
DB13191 approved
DB13231 approved; experimental; vet_approved
DB13518 approved; experimental
DB13813 experimental; vet_approved
DB13872 approved
DB13873 approved
DB13874 approved
DB13878 approved
DB13879 approved
